<area shape="rect" href="$classAIOUSB_1_1USBDevice.html" title="AIOUSB::USBDevice" alt="" coords="376,27,523,53">
<area shape="rect" href="$classAIOUSB_1_1DeviceSubsystem.html" title="AIOUSB::DeviceSubsystem" alt="" coords="625,93,809,120">
<area shape="rect" title="STL class." alt="" coords="216,27,296,53">
<area shape="rect" title="STL class." alt="" coords="7,27,164,53">
<area shape="rect" href="$classAIOUSB_1_1AO16__AnalogOutputSubsystem.html" title="AIOUSB::AO16_AnalogOutputSubsystem" alt="" coords="1259,93,1523,120">
<area shape="rect" href="$classAIOUSB_1_1AnalogOutputSubsystem.html" title="AIOUSB::AnalogOutputSubsystem" alt="" coords="861,93,1085,120">
<area shape="rect" href="$classAIOUSB_1_1DigitalIOSubsystem.html" title="AIOUSB::DigitalIOSubsystem" alt="" coords="1293,144,1488,171">
<area shape="rect" href="$classAIOUSB_1_1AO16__OutputRange.html" title="AIOUSB::AO16_OutputRange" alt="" coords="876,43,1071,69">
<area shape="rect" href="$classAIOUSB_1_1AnalogIORange.html" title="AIOUSB::AnalogIORange" alt="" coords="632,43,803,69">
<area shape="rect" href="$classAIOUSB_1_1IntArray.html" title="AIOUSB::IntArray" alt="" coords="1109,240,1235,267">
<area shape="rect" title="STL class." alt="" coords="661,245,773,272">
<area shape="rect" title="STL class." alt="" coords="628,195,807,221">
<area shape="rect" href="$classAIOUSB_1_1UCharArray.html" title="AIOUSB::UCharArray" alt="" coords="900,195,1047,221">
