<area shape="rect" href="$classAIOUSB_1_1USBDevice.html" title="AIOUSB::USBDevice" alt="" coords="415,8,561,35">
<area shape="rect" href="$classAIOUSB_1_1DeviceSubsystem.html" title="AIOUSB::DeviceSubsystem" alt="" coords="665,40,849,67">
<area shape="rect" title="STL class." alt="" coords="216,8,296,35">
<area shape="rect" title="STL class." alt="" coords="7,8,164,35">
<area shape="rect" href="$classAIOUSB_1_1IntArray.html" title="AIOUSB::IntArray" alt="" coords="875,152,1000,179">
<area shape="rect" title="STL class." alt="" coords="432,153,544,180">
<area shape="rect" title="STL class." alt="" coords="399,103,577,129">
<area shape="rect" href="$classAIOUSB_1_1DIOStreamSubsystem.html" title="AIOUSB::DIOStreamSubsystem" alt="" coords="1024,40,1235,67">
<area shape="rect" href="$classAIOUSB_1_1DigitalIOSubsystem.html" title="AIOUSB::DigitalIOSubsystem" alt="" coords="1032,91,1227,117">
<area shape="rect" href="$classAIOUSB_1_1UCharArray.html" title="AIOUSB::UCharArray" alt="" coords="684,103,831,129">
