<area shape="rect" href="$classAIOUSB_1_1USB__AI16__Family.html" title="AIOUSB::USB_AI16_Family" alt="" coords="213,5,400,32">
<area shape="rect" href="$classAIOUSB_1_1USB__AO16__Family.html" title="AIOUSB::USB_AO16_Family" alt="" coords="211,56,403,83">
<area shape="rect" href="$classAIOUSB_1_1USB__CTR__15__Family.html" title="AIOUSB::USB_CTR_15_Family" alt="" coords="204,107,409,133">
<area shape="rect" href="$classAIOUSB_1_1USB__DA12__8A__Family.html" title="AIOUSB::USB_DA12_8A_Family" alt="" coords="200,157,413,184">
<area shape="rect" href="$classAIOUSB_1_1USB__DA12__8E__Family.html" title="AIOUSB::USB_DA12_8E_Family" alt="" coords="200,208,413,235">
<area shape="rect" href="$classAIOUSB_1_1USB__DIO__16__Family.html" title="AIOUSB::USB_DIO_16_Family" alt="" coords="205,259,408,285">
<area shape="rect" href="$classAIOUSB_1_1USB__DIO__32__Family.html" title="AIOUSB::USB_DIO_32_Family" alt="" coords="205,309,408,336">
<area shape="rect" href="$classAIOUSB_1_1USB__DIO__Family.html" title="AIOUSB::USB_DIO_Family" alt="" coords="216,360,397,387">
